33.1671 	INFO 	Loaded monitor calibration from ['2025_08_12 09:41']
33.2362 	WARNING 	User requested fullscreen with size [1024  768], but screen is actually [1920, 1080]. Using actual size
34.5558 	INFO 	Using renderer 'AMD Radeon(TM) Graphics' for graphics
34.5558 	INFO 	OpenGL version supported by driver is 4..
34.6586 	EXP 	Created window1 = Window(allowGUI=False, allowStencil=False, autoLog=True, backendConf=UNKNOWN, backgroundFit=<method-wrapper '__getattribute__' of attributeSetter object at 0x000001D7BE2F40A0>, backgroundImage=<method-wrapper '__getattribute__' of attributeSetter object at 0x000001D7BE2F4040>, bitsMode=UNKNOWN, blendMode='avg', bpc=(8, 8, 8), color=array([0, 0, 0]), colorSpace='rgb', depthBits=8, fullscr=True, gamma=None, gammaErrorPolicy='raise', infoMsg=UNKNOWN, lms=UNKNOWN, monitor=<psychopy.monitors.calibTools.Monitor object at 0x000001D7AF34E260>, multiSample=False, name='window1', numSamples=2, pos=[np.float64(0.0), np.float64(0.0)], screen=0, size=array([1920, 1080]), stencilBits=0, stereo=False, title='PsychoPy', units='height', useFBO=True, useRetina=False, viewOri=0.0, viewPos=None, viewScale=None, waitBlanking=True, winType='pyglet')
34.6587 	EXP 	window1: backgroundImage = ''
34.6587 	EXP 	window1: backgroundFit = 'none'
35.0822 	EXP 	window1: Attempting to measure frame rate of screen (0) ...
35.0822 	EXP 	window1: recordFrameIntervals = False
35.6862 	EXP 	window1: recordFrameIntervals = True
35.8580 	EXP 	Screen (0) actual frame rate measured at 134.72Hz
35.8581 	EXP 	window1: recordFrameIntervals = False
35.9126 	INFO 	keyboard.Keyboard is using ptb backend.
35.9126 	EXP 	signal_detection: status = STARTED
35.9305 	EXP 	Created Fixation = ShapeStim(__class__=<class 'psychopy.visual.shape.ShapeStim'>, anchor=('center', 'center'), autoDraw=False, autoLog=True, closeShape=True, color=method-wrapper(...), colorSpace='rgb', contrast=None, depth=0.0, draggable=False, fillColor=array([1, 1, 1]), fillColorSpace='rgb', fillRGB=array([1, 1, 1]), interpolate=True, lineColor=array([1., 1., 1.]), lineColorSpace='rgb', lineRGB=array([1, 1, 1]), lineWidth=1.0, name='Fixation', opacity=1, ori=0.0, pos=array([0., 0.]), size=array([10., 10.]), units='pix', vertices=ndarray(...), win=Window(...), windingRule=None)
35.9342 	EXP 	Created grating = GratingStim(__class__=<class 'psychopy.visual.grating.GratingStim'>, anchor='center', autoDraw=False, autoLog=True, blendmode='avg', color=array([0.3, 0.3, 0.3]), colorSpace='rgb', contrast=0.3, depth=-1.0, draggable=False, interpolate=True, mask='gauss', maskParams=None, name='grating', opacity=1, ori=1.0, phase=array([0., 0.]), pos=array([0., 0.]), rgbPedestal=array([0., 0., 0.]), sf=array([5., 5.]), size=array([0.2, 0.2]), tex='sin', texRes=128.0, units='height', win=Window(...))
0.0143 	EXP 	New trial (rep=0, index=0): <Trial 0 (0 in rep 0) data={'thisN': 0, 'thisTrialN': 0, 'thisRepN': 0}>
0.0252 	EXP 	grating: ori = np.float64(0.0)
0.0252 	EXP 	Fixation: autoDraw = True
1.0139 	INFO 	Keyboard events cleared
1.0138 	EXP 	grating: autoDraw = True
1.0138 	EXP 	grating: tex = 'sin'
1.0157 	DATA 	Keypress: up
1.0284 	EXP 	Fixation: autoDraw = False
1.1269 	EXP 	Device response: <KeyPress from None: t=1.014108600000327, value=up, duration=None>
1.1272 	EXP 	New trial (rep=1, index=0): <Trial 1 (0 in rep 1) data={'thisN': 1, 'thisTrialN': 0, 'thisRepN': 1}>
1.1384 	EXP 	Fixation: autoDraw = False
1.1384 	EXP 	grating: autoDraw = False
1.1384 	EXP 	grating: ori = np.float64(4.0)
1.1384 	EXP 	Fixation: autoDraw = True
1.1513 	EXP 	Device response: <KeyPress from None: t=1.014108600000327, value=up, duration=0.13212039999962144>
2.1233 	INFO 	Keyboard events cleared
2.1232 	EXP 	grating: autoDraw = True
2.1302 	EXP 	Fixation: autoDraw = False
2.4154 	EXP 	grating: autoDraw = False
2.7320 	EXP 	Device response: <KeyPress from None: t=2.726860700000543, value=up, duration=None>
2.7322 	EXP 	New trial (rep=2, index=0): <Trial 2 (0 in rep 2) data={'thisN': 2, 'thisTrialN': 0, 'thisRepN': 2}>
2.7330 	DATA 	Keypress: up
2.7390 	EXP 	Fixation: autoDraw = False
2.7390 	EXP 	grating: autoDraw = False
2.7390 	EXP 	grating: ori = np.float64(0.0)
2.7390 	EXP 	Fixation: autoDraw = True
2.8731 	EXP 	Device response: <KeyPress from None: t=2.726860700000543, value=up, duration=0.14215429999967455>
3.7228 	INFO 	Keyboard events cleared
3.7226 	EXP 	grating: autoDraw = True
3.7299 	EXP 	Fixation: autoDraw = False
4.0149 	EXP 	grating: autoDraw = False
4.4171 	EXP 	Device response: <KeyPress from None: t=4.413937400000577, value=up, duration=None>
4.4173 	EXP 	New trial (rep=3, index=0): <Trial 3 (0 in rep 3) data={'thisN': 3, 'thisTrialN': 0, 'thisRepN': 3}>
4.4184 	DATA 	Keypress: up
4.4244 	EXP 	Fixation: autoDraw = False
4.4244 	EXP 	grating: autoDraw = False
4.4244 	EXP 	grating: ori = np.float64(-3.0)
4.4244 	EXP 	Fixation: autoDraw = True
4.5812 	EXP 	Device response: <KeyPress from None: t=4.413937400000577, value=up, duration=0.16430559999935213>
5.4086 	INFO 	Keyboard events cleared
5.4084 	EXP 	grating: autoDraw = True
5.4157 	EXP 	Fixation: autoDraw = False
5.6997 	EXP 	grating: autoDraw = False
9.3284 	EXP 	Device response: <KeyPress from None: t=9.328083800000059, value=up, duration=None>
9.3286 	EXP 	New trial (rep=4, index=0): <Trial 4 (0 in rep 4) data={'thisN': 4, 'thisTrialN': 0, 'thisRepN': 4}>
9.3295 	DATA 	Keypress: up
9.3354 	EXP 	Fixation: autoDraw = False
9.3354 	EXP 	grating: autoDraw = False
9.3354 	EXP 	grating: ori = np.float64(0.0)
9.3354 	EXP 	Fixation: autoDraw = True
9.4832 	EXP 	Device response: <KeyPress from None: t=9.328083800000059, value=up, duration=0.15219909999996162>
10.2680 	EXP 	Device response: <KeyPress from None: t=10.26324360000035, value=up, duration=None>
10.2691 	DATA 	Keypress: up
10.3207 	INFO 	Keyboard events cleared
10.3205 	EXP 	grating: autoDraw = True
10.3279 	EXP 	Fixation: autoDraw = False
10.3990 	EXP 	Device response: <KeyPress from None: t=10.26324360000035, value=up, duration=0.13340729999981704>
10.6165 	EXP 	grating: autoDraw = False
11.1656 	EXP 	Device response: <KeyPress from None: t=11.16434500000014, value=up, duration=None>
11.1658 	EXP 	New trial (rep=5, index=0): <Trial 5 (0 in rep 5) data={'thisN': 5, 'thisTrialN': 0, 'thisRepN': 5}>
11.1668 	DATA 	Keypress: up
11.1729 	EXP 	Fixation: autoDraw = False
11.1729 	EXP 	grating: autoDraw = False
11.1729 	EXP 	grating: ori = np.float64(1.0)
11.1729 	EXP 	Fixation: autoDraw = True
11.3176 	EXP 	Device response: <KeyPress from None: t=11.16434500000014, value=up, duration=0.14500320000024658>
12.1610 	INFO 	Keyboard events cleared
12.1608 	EXP 	grating: autoDraw = True
12.1682 	EXP 	Fixation: autoDraw = False
12.3060 	EXP 	Device response: <KeyPress from None: t=12.305516999999782, value=up, duration=None>
12.3063 	EXP 	New trial (rep=6, index=0): <Trial 6 (0 in rep 6) data={'thisN': 6, 'thisTrialN': 0, 'thisRepN': 6}>
12.3071 	DATA 	Keypress: up
12.3131 	EXP 	Fixation: autoDraw = False
12.3131 	EXP 	grating: autoDraw = False
12.3131 	EXP 	grating: ori = np.float64(0.0)
12.3131 	EXP 	Fixation: autoDraw = True
12.4761 	EXP 	Device response: <KeyPress from None: t=12.305516999999782, value=up, duration=0.16737580000062735>
13.2992 	INFO 	Keyboard events cleared
13.2991 	EXP 	grating: autoDraw = True
13.3063 	EXP 	Fixation: autoDraw = False
13.5926 	EXP 	grating: autoDraw = False
14.2384 	EXP 	Device response: <KeyPress from None: t=14.234388300000319, value=up, duration=None>
14.2388 	EXP 	New trial (rep=7, index=0): <Trial 7 (0 in rep 7) data={'thisN': 7, 'thisTrialN': 0, 'thisRepN': 7}>
14.2396 	DATA 	Keypress: up
14.2458 	EXP 	Fixation: autoDraw = False
14.2458 	EXP 	grating: autoDraw = False
14.2458 	EXP 	grating: ori = np.float64(4.0)
14.2458 	EXP 	Fixation: autoDraw = True
14.3819 	EXP 	Device response: <KeyPress from None: t=14.234388300000319, value=up, duration=0.14377239999976155>
15.2327 	INFO 	Keyboard events cleared
15.2325 	EXP 	grating: autoDraw = True
15.2399 	EXP 	Fixation: autoDraw = False
15.5229 	EXP 	grating: autoDraw = False
15.9653 	EXP 	Device response: <KeyPress from None: t=15.963951900000211, value=up, duration=None>
15.9655 	EXP 	New trial (rep=8, index=0): <Trial 8 (0 in rep 8) data={'thisN': 8, 'thisTrialN': 0, 'thisRepN': 8}>
15.9662 	DATA 	Keypress: up
15.9723 	EXP 	Fixation: autoDraw = False
15.9723 	EXP 	grating: autoDraw = False
15.9723 	EXP 	grating: ori = np.float64(0.0)
15.9723 	EXP 	Fixation: autoDraw = True
16.0453 	EXP 	Device response: <KeyPress from None: t=15.963951900000211, value=up, duration=0.07553790000019944>
16.9582 	INFO 	Keyboard events cleared
16.9580 	EXP 	grating: autoDraw = True
16.9643 	EXP 	Fixation: autoDraw = False
17.2507 	EXP 	grating: autoDraw = False
18.1689 	EXP 	Device response: <KeyPress from None: t=18.16307880000022, value=down, duration=None>
18.1693 	EXP 	New trial (rep=9, index=0): <Trial 9 (0 in rep 9) data={'thisN': 9, 'thisTrialN': 0, 'thisRepN': 9}>
18.1707 	DATA 	Keypress: down
18.1775 	EXP 	Fixation: autoDraw = False
18.1775 	EXP 	grating: autoDraw = False
18.1775 	EXP 	grating: ori = np.float64(-5.0)
18.1775 	EXP 	Fixation: autoDraw = True
18.3326 	EXP 	Device response: <KeyPress from None: t=18.16307880000022, value=down, duration=0.16734309999992547>
19.1658 	INFO 	Keyboard events cleared
19.1657 	EXP 	grating: autoDraw = True
19.1736 	EXP 	Fixation: autoDraw = False
19.4606 	EXP 	grating: autoDraw = False
20.0086 	EXP 	Device response: <KeyPress from None: t=20.006664600000477, value=down, duration=None>
20.0089 	EXP 	New trial (rep=10, index=0): <Trial 10 (0 in rep 10) data={'thisN': 10, 'thisTrialN': 0, 'thisRepN': 10}>
20.0098 	DATA 	Keypress: down
20.0161 	EXP 	Fixation: autoDraw = False
20.0161 	EXP 	grating: autoDraw = False
20.0161 	EXP 	grating: ori = np.float64(0.0)
20.0161 	EXP 	Fixation: autoDraw = True
20.2448 	EXP 	Device response: <KeyPress from None: t=20.006664600000477, value=down, duration=0.23109680000015942>
20.9999 	INFO 	Keyboard events cleared
20.9998 	EXP 	grating: autoDraw = True
21.0069 	EXP 	Fixation: autoDraw = False
21.2919 	EXP 	grating: autoDraw = False
21.6231 	EXP 	Device response: <KeyPress from None: t=21.618949200000316, value=up, duration=None>
21.6234 	EXP 	New trial (rep=11, index=0): <Trial 11 (0 in rep 11) data={'thisN': 11, 'thisTrialN': 0, 'thisRepN': 11}>
21.6242 	DATA 	Keypress: up
21.6301 	EXP 	Fixation: autoDraw = False
21.6301 	EXP 	grating: autoDraw = False
21.6301 	EXP 	grating: ori = np.float64(0.0)
21.6301 	EXP 	Fixation: autoDraw = True
21.7921 	EXP 	Device response: <KeyPress from None: t=21.618949200000316, value=up, duration=0.1671478999996907>
22.6186 	INFO 	Keyboard events cleared
22.6185 	EXP 	grating: autoDraw = True
22.6260 	EXP 	Fixation: autoDraw = False
22.9137 	EXP 	grating: autoDraw = False
23.3337 	EXP 	Device response: <KeyPress from None: t=23.330367800000204, value=up, duration=None>
23.3342 	EXP 	New trial (rep=12, index=0): <Trial 12 (0 in rep 12) data={'thisN': 12, 'thisTrialN': 0, 'thisRepN': 12}>
23.3350 	DATA 	Keypress: up
23.3415 	EXP 	Fixation: autoDraw = False
23.3415 	EXP 	grating: autoDraw = False
23.3415 	EXP 	grating: ori = np.float64(-4.0)
23.3415 	EXP 	Fixation: autoDraw = True
23.4614 	EXP 	Device response: <KeyPress from None: t=23.330367800000204, value=up, duration=0.12569470000016736>
24.3302 	INFO 	Keyboard events cleared
24.3301 	EXP 	grating: autoDraw = True
24.3371 	EXP 	Fixation: autoDraw = False
24.6209 	EXP 	grating: autoDraw = False
24.8771 	EXP 	Device response: <KeyPress from None: t=24.875695600000654, value=down, duration=None>
24.8773 	EXP 	New trial (rep=13, index=0): <Trial 13 (0 in rep 13) data={'thisN': 13, 'thisTrialN': 0, 'thisRepN': 13}>
24.8781 	DATA 	Keypress: down
24.8842 	EXP 	Fixation: autoDraw = False
24.8842 	EXP 	grating: autoDraw = False
24.8842 	EXP 	grating: ori = np.float64(-5.0)
24.8842 	EXP 	Fixation: autoDraw = True
25.0595 	EXP 	Device response: <KeyPress from None: t=24.875695600000654, value=down, duration=0.1784853999997722>
25.8737 	INFO 	Keyboard events cleared
25.8736 	EXP 	grating: autoDraw = True
25.8809 	EXP 	Fixation: autoDraw = False
26.1656 	EXP 	grating: autoDraw = False
26.6193 	EXP 	Device response: <KeyPress from None: t=26.615037600000505, value=down, duration=None>
26.6196 	EXP 	New trial (rep=14, index=0): <Trial 14 (0 in rep 14) data={'thisN': 14, 'thisTrialN': 0, 'thisRepN': 14}>
26.6212 	DATA 	Keypress: down
26.6276 	EXP 	Fixation: autoDraw = False
26.6276 	EXP 	grating: autoDraw = False
26.6276 	EXP 	grating: ori = np.float64(0.0)
26.6276 	EXP 	Fixation: autoDraw = True
26.7899 	EXP 	Device response: <KeyPress from None: t=26.615037600000505, value=down, duration=0.1743516999995336>
27.6126 	INFO 	Keyboard events cleared
27.6125 	EXP 	grating: autoDraw = True
27.6195 	EXP 	Fixation: autoDraw = False
27.9047 	EXP 	grating: autoDraw = False
28.2756 	EXP 	Device response: <KeyPress from None: t=28.273650699999962, value=up, duration=None>
28.2759 	EXP 	New trial (rep=15, index=0): <Trial 15 (0 in rep 15) data={'thisN': 15, 'thisTrialN': 0, 'thisRepN': 15}>
28.2767 	DATA 	Keypress: up
28.2829 	EXP 	Fixation: autoDraw = False
28.2829 	EXP 	grating: autoDraw = False
28.2829 	EXP 	grating: ori = np.float64(0.0)
28.2829 	EXP 	Fixation: autoDraw = True
28.4571 	EXP 	Device response: <KeyPress from None: t=28.273650699999962, value=up, duration=0.17962030000035156>
29.2710 	INFO 	Keyboard events cleared
29.2709 	EXP 	grating: autoDraw = True
29.2781 	EXP 	Fixation: autoDraw = False
29.5604 	EXP 	grating: autoDraw = False
30.4398 	EXP 	Device response: <KeyPress from None: t=30.43599170000016, value=down, duration=None>
30.4402 	EXP 	New trial (rep=16, index=0): <Trial 16 (0 in rep 16) data={'thisN': 16, 'thisTrialN': 0, 'thisRepN': 16}>
30.4410 	DATA 	Keypress: down
30.4470 	EXP 	Fixation: autoDraw = False
30.4470 	EXP 	grating: autoDraw = False
30.4470 	EXP 	grating: ori = np.float64(2.0)
30.4470 	EXP 	Fixation: autoDraw = True
30.5114 	EXP 	Device response: <KeyPress from None: t=30.43599170000016, value=down, duration=0.07267450000017561>
31.4325 	INFO 	Keyboard events cleared
31.4323 	EXP 	grating: autoDraw = True
31.4400 	EXP 	Fixation: autoDraw = False
31.7249 	EXP 	grating: autoDraw = False
32.0190 	EXP 	Device response: <KeyPress from None: t=32.01846970000042, value=up, duration=None>
32.0194 	EXP 	New trial (rep=17, index=0): <Trial 17 (0 in rep 17) data={'thisN': 17, 'thisTrialN': 0, 'thisRepN': 17}>
32.0203 	DATA 	Keypress: up
32.0261 	EXP 	Fixation: autoDraw = False
32.0261 	EXP 	grating: autoDraw = False
32.0261 	EXP 	grating: ori = np.float64(-5.0)
32.0261 	EXP 	Fixation: autoDraw = True
32.1814 	EXP 	Device response: <KeyPress from None: t=32.01846970000042, value=up, duration=0.15797159999965515>
33.0144 	INFO 	Keyboard events cleared
33.0143 	EXP 	grating: autoDraw = True
33.0224 	EXP 	Fixation: autoDraw = False
33.3102 	EXP 	grating: autoDraw = False
33.7360 	EXP 	Device response: <KeyPress from None: t=33.73538660000031, value=up, duration=None>
33.7363 	EXP 	New trial (rep=18, index=0): <Trial 18 (0 in rep 18) data={'thisN': 18, 'thisTrialN': 0, 'thisRepN': 18}>
33.7371 	DATA 	Keypress: up
33.7420 	EXP 	Fixation: autoDraw = False
33.7420 	EXP 	grating: autoDraw = False
33.7420 	EXP 	grating: ori = np.float64(0.0)
33.7420 	EXP 	Fixation: autoDraw = True
33.9164 	EXP 	Device response: <KeyPress from None: t=33.73538660000031, value=up, duration=0.17478719999962777>
34.7313 	INFO 	Keyboard events cleared
34.7312 	EXP 	grating: autoDraw = True
34.7390 	EXP 	Fixation: autoDraw = False
35.0246 	EXP 	grating: autoDraw = False
35.3113 	EXP 	Device response: <KeyPress from None: t=35.30717679999998, value=up, duration=None>
35.3116 	EXP 	New trial (rep=19, index=0): <Trial 19 (0 in rep 19) data={'thisN': 19, 'thisTrialN': 0, 'thisRepN': 19}>
35.3131 	DATA 	Keypress: up
35.3198 	EXP 	Fixation: autoDraw = False
35.3198 	EXP 	grating: autoDraw = False
35.3198 	EXP 	grating: ori = np.float64(0.0)
35.3198 	EXP 	Fixation: autoDraw = True
35.4594 	EXP 	Device response: <KeyPress from None: t=35.30717679999998, value=up, duration=0.14819580000039423>
36.3024 	INFO 	Keyboard events cleared
36.3023 	EXP 	grating: autoDraw = True
36.3099 	EXP 	Fixation: autoDraw = False
36.5949 	EXP 	grating: autoDraw = False
36.7269 	EXP 	Device response: <KeyPress from None: t=36.72278920000008, value=down, duration=None>
36.7272 	EXP 	New trial (rep=20, index=0): <Trial 20 (0 in rep 20) data={'thisN': 20, 'thisTrialN': 0, 'thisRepN': 20}>
36.7282 	DATA 	Keypress: down
36.7335 	EXP 	Fixation: autoDraw = False
36.7335 	EXP 	grating: autoDraw = False
36.7335 	EXP 	grating: ori = np.float64(0.0)
36.7335 	EXP 	Fixation: autoDraw = True
36.8735 	EXP 	Device response: <KeyPress from None: t=36.72278920000008, value=down, duration=0.14365189999989525>
37.7165 	INFO 	Keyboard events cleared
37.7164 	EXP 	grating: autoDraw = True
37.7235 	EXP 	Fixation: autoDraw = False
38.0122 	EXP 	grating: autoDraw = False
38.3920 	DATA 	Keypress: up
38.3987 	EXP 	Device response: <KeyPress from None: t=38.3912307999999, value=up, duration=None>
38.3990 	EXP 	New trial (rep=21, index=0): <Trial 21 (0 in rep 21) data={'thisN': 21, 'thisTrialN': 0, 'thisRepN': 21}>
38.4052 	EXP 	Fixation: autoDraw = False
38.4052 	EXP 	grating: autoDraw = False
38.4052 	EXP 	grating: ori = np.float64(0.0)
38.4052 	EXP 	Fixation: autoDraw = True
38.5791 	EXP 	Device response: <KeyPress from None: t=38.3912307999999, value=up, duration=0.18465939999987313>
39.3895 	INFO 	Keyboard events cleared
39.3893 	EXP 	grating: autoDraw = True
39.3964 	EXP 	Fixation: autoDraw = False
39.6808 	EXP 	grating: autoDraw = False
39.7441 	EXP 	Device response: <KeyPress from None: t=39.74141320000035, value=up, duration=None>
39.7443 	EXP 	New trial (rep=22, index=0): <Trial 22 (0 in rep 22) data={'thisN': 22, 'thisTrialN': 0, 'thisRepN': 22}>
39.7453 	DATA 	Keypress: up
39.7515 	EXP 	Fixation: autoDraw = False
39.7515 	EXP 	grating: autoDraw = False
39.7515 	EXP 	grating: ori = np.float64(1.0)
39.7515 	EXP 	Fixation: autoDraw = True
39.8890 	EXP 	Device response: <KeyPress from None: t=39.74141320000035, value=up, duration=0.14435739999953512>
40.7353 	INFO 	Keyboard events cleared
40.7351 	EXP 	grating: autoDraw = True
40.7432 	EXP 	Fixation: autoDraw = False
41.0300 	EXP 	grating: autoDraw = False
41.2690 	EXP 	Device response: <KeyPress from None: t=41.26699559999997, value=up, duration=None>
41.2693 	EXP 	New trial (rep=23, index=0): <Trial 23 (0 in rep 23) data={'thisN': 23, 'thisTrialN': 0, 'thisRepN': 23}>
41.2703 	DATA 	Keypress: up
41.2764 	EXP 	Fixation: autoDraw = False
41.2764 	EXP 	grating: autoDraw = False
41.2764 	EXP 	grating: ori = np.float64(0.0)
41.2764 	EXP 	Fixation: autoDraw = True
41.4358 	EXP 	Device response: <KeyPress from None: t=41.26699559999997, value=up, duration=0.16153769999982615>
42.2605 	INFO 	Keyboard events cleared
42.2604 	EXP 	grating: autoDraw = True
42.2681 	EXP 	Fixation: autoDraw = False
42.5550 	EXP 	grating: autoDraw = False
42.7099 	EXP 	Device response: <KeyPress from None: t=42.70896630000061, value=up, duration=None>
42.7101 	EXP 	New trial (rep=24, index=0): <Trial 24 (0 in rep 24) data={'thisN': 24, 'thisTrialN': 0, 'thisRepN': 24}>
42.7109 	DATA 	Keypress: up
42.7167 	EXP 	Fixation: autoDraw = False
42.7167 	EXP 	grating: autoDraw = False
42.7167 	EXP 	grating: ori = np.float64(4.0)
42.7167 	EXP 	Fixation: autoDraw = True
42.8667 	EXP 	Device response: <KeyPress from None: t=42.70896630000061, value=up, duration=0.1545548999993116>
43.7050 	INFO 	Keyboard events cleared
43.7049 	EXP 	grating: autoDraw = True
43.7118 	EXP 	Fixation: autoDraw = False
43.9961 	EXP 	grating: autoDraw = False
44.2352 	EXP 	Device response: <KeyPress from None: t=44.234586200000194, value=down, duration=None>
44.2354 	EXP 	New trial (rep=25, index=0): <Trial 25 (0 in rep 25) data={'thisN': 25, 'thisTrialN': 0, 'thisRepN': 25}>
44.2359 	DATA 	Keypress: down
44.2416 	EXP 	Fixation: autoDraw = False
44.2416 	EXP 	grating: autoDraw = False
44.2416 	EXP 	grating: ori = np.float64(0.0)
44.2416 	EXP 	Fixation: autoDraw = True
44.3775 	EXP 	Device response: <KeyPress from None: t=44.234586200000194, value=down, duration=0.1414602000004379>
45.2294 	INFO 	Keyboard events cleared
45.2292 	EXP 	grating: autoDraw = True
45.2365 	EXP 	Fixation: autoDraw = False
45.5219 	EXP 	grating: autoDraw = False
45.7538 	EXP 	Device response: <KeyPress from None: t=45.75311049999982, value=up, duration=None>
45.7541 	EXP 	New trial (rep=26, index=0): <Trial 26 (0 in rep 26) data={'thisN': 26, 'thisTrialN': 0, 'thisRepN': 26}>
45.7548 	DATA 	Keypress: up
45.7591 	EXP 	Fixation: autoDraw = False
45.7591 	EXP 	grating: autoDraw = False
45.7591 	EXP 	grating: ori = np.float64(0.0)
45.7591 	EXP 	Fixation: autoDraw = True
45.9212 	EXP 	Device response: <KeyPress from None: t=45.75311049999982, value=up, duration=0.1613178000006883>
46.7502 	INFO 	Keyboard events cleared
46.7500 	EXP 	Fixation: autoDraw = False
46.7500 	EXP 	grating: autoDraw = True
47.0421 	EXP 	grating: autoDraw = False
47.2579 	EXP 	Device response: <KeyPress from None: t=47.25745989999996, value=up, duration=None>
47.2581 	EXP 	New trial (rep=27, index=0): <Trial 27 (0 in rep 27) data={'thisN': 27, 'thisTrialN': 0, 'thisRepN': 27}>
47.2597 	DATA 	Keypress: up
47.2660 	EXP 	Fixation: autoDraw = False
47.2660 	EXP 	grating: autoDraw = False
47.2660 	EXP 	grating: ori = np.float64(1.0)
47.2660 	EXP 	Fixation: autoDraw = True
47.4071 	EXP 	Device response: <KeyPress from None: t=47.25745989999996, value=up, duration=0.14686710000023595>
48.2519 	INFO 	Keyboard events cleared
48.2517 	EXP 	grating: autoDraw = True
48.2590 	EXP 	Fixation: autoDraw = False
48.5449 	EXP 	grating: autoDraw = False
48.6664 	DATA 	Keypress: up
48.6728 	EXP 	Device response: <KeyPress from None: t=48.664891100000204, value=up, duration=None>
48.6731 	EXP 	New trial (rep=28, index=0): <Trial 28 (0 in rep 28) data={'thisN': 28, 'thisTrialN': 0, 'thisRepN': 28}>
48.6796 	EXP 	Fixation: autoDraw = False
48.6796 	EXP 	grating: autoDraw = False
48.6796 	EXP 	grating: ori = np.float64(0.0)
48.6796 	EXP 	Fixation: autoDraw = True
48.8219 	EXP 	Device response: <KeyPress from None: t=48.664891100000204, value=up, duration=0.15504309999960242>
49.6635 	INFO 	Keyboard events cleared
49.6634 	EXP 	grating: autoDraw = True
49.6705 	EXP 	Fixation: autoDraw = False
49.9585 	EXP 	grating: autoDraw = False
50.1852 	DATA 	Keypress: up
50.1918 	EXP 	Device response: <KeyPress from None: t=50.183810900000026, value=up, duration=None>
50.1921 	EXP 	New trial (rep=29, index=0): <Trial 29 (0 in rep 29) data={'thisN': 29, 'thisTrialN': 0, 'thisRepN': 29}>
50.1985 	EXP 	Fixation: autoDraw = False
50.1985 	EXP 	grating: autoDraw = False
50.1985 	EXP 	grating: ori = np.float64(-3.0)
50.1985 	EXP 	Fixation: autoDraw = True
50.3401 	EXP 	Device response: <KeyPress from None: t=50.183810900000026, value=up, duration=0.15516780000052677>
51.1836 	INFO 	Keyboard events cleared
51.1835 	EXP 	grating: autoDraw = True
51.1907 	EXP 	Fixation: autoDraw = False
51.4795 	EXP 	grating: autoDraw = False
51.8983 	EXP 	Device response: <KeyPress from None: t=51.89515290000054, value=down, duration=None>
51.8987 	EXP 	New trial (rep=30, index=0): <Trial 30 (0 in rep 30) data={'thisN': 30, 'thisTrialN': 0, 'thisRepN': 30}>
51.9000 	DATA 	Keypress: down
51.9061 	EXP 	Fixation: autoDraw = False
51.9061 	EXP 	grating: autoDraw = False
51.9061 	EXP 	grating: ori = np.float64(3.0)
51.9061 	EXP 	Fixation: autoDraw = True
52.0536 	EXP 	Device response: <KeyPress from None: t=51.89515290000054, value=down, duration=0.15724439999939932>
52.8889 	INFO 	Keyboard events cleared
52.8888 	EXP 	grating: autoDraw = True
52.8965 	EXP 	Fixation: autoDraw = False
53.1798 	EXP 	grating: autoDraw = False
53.6484 	EXP 	Device response: <KeyPress from None: t=53.64490660000047, value=down, duration=None>
53.6487 	EXP 	New trial (rep=31, index=0): <Trial 31 (0 in rep 31) data={'thisN': 31, 'thisTrialN': 0, 'thisRepN': 31}>
53.6498 	DATA 	Keypress: down
53.6546 	EXP 	Fixation: autoDraw = False
53.6546 	EXP 	grating: autoDraw = False
53.6546 	EXP 	grating: ori = np.float64(4.0)
53.6546 	EXP 	Fixation: autoDraw = True
53.7457 	EXP 	Device response: <KeyPress from None: t=53.7426531000001, value=up, duration=None>
53.7470 	DATA 	Keypress: up
53.7945 	EXP 	Device response: <KeyPress from None: t=53.64490660000047, value=down, duration=0.14618789999985893>
53.8220 	EXP 	Device response: <KeyPress from None: t=53.7426531000001, value=up, duration=0.07412430000022141>
54.6406 	INFO 	Keyboard events cleared
54.6404 	EXP 	grating: autoDraw = True
54.6477 	EXP 	Fixation: autoDraw = False
54.9351 	EXP 	grating: autoDraw = False
58.2971 	EXP 	Device response: <KeyPress from None: t=58.29535180000039, value=down, duration=None>
58.2973 	EXP 	New trial (rep=32, index=0): <Trial 32 (0 in rep 32) data={'thisN': 32, 'thisTrialN': 0, 'thisRepN': 32}>
58.2981 	DATA 	Keypress: down
58.3046 	EXP 	Fixation: autoDraw = False
58.3046 	EXP 	grating: autoDraw = False
58.3046 	EXP 	grating: ori = np.float64(-5.0)
58.3046 	EXP 	Fixation: autoDraw = True
58.4129 	EXP 	Device response: <KeyPress from None: t=58.29535180000039, value=down, duration=0.11642779999965569>
59.0907 	EXP 	Device response: <KeyPress from None: t=59.08815539999978, value=down, duration=None>
59.0919 	DATA 	Keypress: down
59.2268 	EXP 	Device response: <KeyPress from None: t=59.08815539999978, value=down, duration=0.13331360000029235>
59.2935 	INFO 	Keyboard events cleared
59.2933 	EXP 	grating: autoDraw = True
59.3026 	EXP 	Fixation: autoDraw = False
59.5886 	EXP 	grating: autoDraw = False
59.9738 	EXP 	Device response: <KeyPress from None: t=59.969744800000626, value=up, duration=None>
59.9741 	EXP 	New trial (rep=33, index=0): <Trial 33 (0 in rep 33) data={'thisN': 33, 'thisTrialN': 0, 'thisRepN': 33}>
59.9754 	DATA 	Keypress: up
59.9815 	EXP 	Fixation: autoDraw = False
59.9815 	EXP 	grating: autoDraw = False
59.9815 	EXP 	grating: ori = np.float64(0.0)
59.9815 	EXP 	Fixation: autoDraw = True
60.1017 	EXP 	Device response: <KeyPress from None: t=59.969744800000626, value=up, duration=0.12907279999944876>
60.9698 	INFO 	Keyboard events cleared
60.9696 	EXP 	grating: autoDraw = True
60.9773 	EXP 	Fixation: autoDraw = False
61.2597 	EXP 	grating: autoDraw = False
61.8484 	EXP 	Device response: <KeyPress from None: t=61.845610000000306, value=up, duration=None>
61.8488 	EXP 	New trial (rep=34, index=0): <Trial 34 (0 in rep 34) data={'thisN': 34, 'thisTrialN': 0, 'thisRepN': 34}>
61.8497 	DATA 	Keypress: up
61.8560 	EXP 	Fixation: autoDraw = False
61.8560 	EXP 	grating: autoDraw = False
61.8560 	EXP 	grating: ori = np.float64(-5.0)
61.8560 	EXP 	Fixation: autoDraw = True
62.0705 	EXP 	Device response: <KeyPress from None: t=61.845610000000306, value=up, duration=0.2174606999997195>
62.8402 	INFO 	Keyboard events cleared
62.8401 	EXP 	grating: autoDraw = True
62.8477 	EXP 	Fixation: autoDraw = False
63.1331 	EXP 	grating: autoDraw = False
63.5443 	DATA 	Keypress: down
63.5511 	EXP 	Device response: <KeyPress from None: t=63.54267890000028, value=down, duration=None>
63.5515 	EXP 	New trial (rep=35, index=0): <Trial 35 (0 in rep 35) data={'thisN': 35, 'thisTrialN': 0, 'thisRepN': 35}>
63.5585 	EXP 	Fixation: autoDraw = False
63.5585 	EXP 	grating: autoDraw = False
63.5585 	EXP 	grating: ori = np.float64(0.0)
63.5585 	EXP 	Fixation: autoDraw = True
63.8002 	EXP 	Device response: <KeyPress from None: t=63.54267890000028, value=down, duration=0.2564964000002874>
64.5490 	INFO 	Keyboard events cleared
64.5488 	EXP 	Fixation: autoDraw = False
64.5488 	EXP 	grating: autoDraw = True
64.8404 	EXP 	grating: autoDraw = False
65.3920 	EXP 	Device response: <KeyPress from None: t=65.3870950999999, value=up, duration=None>
65.3923 	EXP 	New trial (rep=36, index=0): <Trial 36 (0 in rep 36) data={'thisN': 36, 'thisTrialN': 0, 'thisRepN': 36}>
65.3931 	DATA 	Keypress: up
65.3988 	EXP 	Fixation: autoDraw = False
65.3988 	EXP 	grating: autoDraw = False
65.3988 	EXP 	grating: ori = np.float64(3.0)
65.3988 	EXP 	Fixation: autoDraw = True
65.5548 	EXP 	Device response: <KeyPress from None: t=65.3870950999999, value=up, duration=0.16260250000050291>
66.3888 	INFO 	Keyboard events cleared
66.3886 	EXP 	grating: autoDraw = True
66.3964 	EXP 	Fixation: autoDraw = False
66.6816 	EXP 	grating: autoDraw = False
67.1308 	EXP 	Device response: <KeyPress from None: t=67.12574070000028, value=down, duration=None>
67.1311 	EXP 	New trial (rep=37, index=0): <Trial 37 (0 in rep 37) data={'thisN': 37, 'thisTrialN': 0, 'thisRepN': 37}>
67.1322 	DATA 	Keypress: down
67.1384 	EXP 	Fixation: autoDraw = False
67.1384 	EXP 	grating: autoDraw = False
67.1384 	EXP 	grating: ori = np.float64(0.0)
67.1384 	EXP 	Fixation: autoDraw = True
67.2511 	EXP 	Device response: <KeyPress from None: t=67.12574070000028, value=down, duration=0.12287999999989552>
68.1242 	INFO 	Keyboard events cleared
68.1240 	EXP 	grating: autoDraw = True
68.1311 	EXP 	Fixation: autoDraw = False
68.4192 	EXP 	grating: autoDraw = False
68.8256 	EXP 	Device response: <KeyPress from None: t=68.81831289999991, value=up, duration=None>
68.8259 	EXP 	New trial (rep=38, index=0): <Trial 38 (0 in rep 38) data={'thisN': 38, 'thisTrialN': 0, 'thisRepN': 38}>
68.8267 	DATA 	Keypress: up
68.8327 	EXP 	Fixation: autoDraw = False
68.8327 	EXP 	grating: autoDraw = False
68.8327 	EXP 	grating: ori = np.float64(-2.0)
68.8327 	EXP 	Fixation: autoDraw = True
68.9801 	EXP 	Device response: <KeyPress from None: t=68.81831289999991, value=up, duration=0.15972710000005463>
69.8171 	INFO 	Keyboard events cleared
69.8170 	EXP 	grating: autoDraw = True
69.8241 	EXP 	Fixation: autoDraw = False
70.1086 	EXP 	grating: autoDraw = False
70.6201 	EXP 	Device response: <KeyPress from None: t=70.61685910000051, value=down, duration=None>
70.6205 	EXP 	New trial (rep=39, index=0): <Trial 39 (0 in rep 39) data={'thisN': 39, 'thisTrialN': 0, 'thisRepN': 39}>
70.6214 	DATA 	Keypress: down
70.6274 	EXP 	Fixation: autoDraw = False
70.6274 	EXP 	grating: autoDraw = False
70.6274 	EXP 	grating: ori = np.float64(3.0)
70.6274 	EXP 	Fixation: autoDraw = True
70.6909 	EXP 	Device response: <KeyPress from None: t=70.61685910000051, value=down, duration=0.06955979999929696>
71.6149 	INFO 	Keyboard events cleared
71.6147 	EXP 	grating: autoDraw = True
71.6223 	EXP 	Fixation: autoDraw = False
71.9111 	EXP 	grating: autoDraw = False
72.1886 	EXP 	Device response: <KeyPress from None: t=72.18154940000022, value=up, duration=None>
72.1889 	EXP 	New trial (rep=40, index=0): <Trial 40 (0 in rep 40) data={'thisN': 40, 'thisTrialN': 0, 'thisRepN': 40}>
72.1902 	DATA 	Keypress: up
72.1962 	EXP 	Fixation: autoDraw = False
72.1962 	EXP 	grating: autoDraw = False
72.1962 	EXP 	grating: ori = np.float64(0.0)
72.1962 	EXP 	Fixation: autoDraw = True
72.3313 	EXP 	Device response: <KeyPress from None: t=72.18154940000022, value=up, duration=0.14487740000004123>
73.1819 	INFO 	Keyboard events cleared
73.1817 	EXP 	grating: autoDraw = True
73.1895 	EXP 	Fixation: autoDraw = False
73.4741 	EXP 	grating: autoDraw = False
73.7984 	EXP 	Device response: <KeyPress from None: t=73.7939078999998, value=up, duration=None>
73.7987 	EXP 	New trial (rep=41, index=0): <Trial 41 (0 in rep 41) data={'thisN': 41, 'thisTrialN': 0, 'thisRepN': 41}>
73.7995 	DATA 	Keypress: up
73.8055 	EXP 	Fixation: autoDraw = False
73.8055 	EXP 	grating: autoDraw = False
73.8055 	EXP 	grating: ori = np.float64(0.0)
73.8055 	EXP 	Fixation: autoDraw = True
73.9190 	EXP 	Device response: <KeyPress from None: t=73.7939078999998, value=up, duration=0.12226230000032956>
74.7906 	INFO 	Keyboard events cleared
74.7904 	EXP 	grating: autoDraw = True
74.7984 	EXP 	Fixation: autoDraw = False
75.0857 	EXP 	grating: autoDraw = False
75.2148 	DATA 	Keypress: up
75.2213 	EXP 	Device response: <KeyPress from None: t=75.21336450000035, value=up, duration=None>
75.2217 	EXP 	New trial (rep=42, index=0): <Trial 42 (0 in rep 42) data={'thisN': 42, 'thisTrialN': 0, 'thisRepN': 42}>
75.2283 	EXP 	Fixation: autoDraw = False
75.2283 	EXP 	grating: autoDraw = False
75.2283 	EXP 	grating: ori = np.float64(-5.0)
75.2283 	EXP 	Fixation: autoDraw = True
75.3433 	EXP 	Device response: <KeyPress from None: t=75.21336450000035, value=up, duration=0.1252199999998993>
76.2162 	INFO 	Keyboard events cleared
76.2161 	EXP 	grating: autoDraw = True
76.2231 	EXP 	Fixation: autoDraw = False
76.5119 	EXP 	grating: autoDraw = False
78.8260 	EXP 	Device response: <KeyPress from None: t=78.82336840000062, value=up, duration=None>
78.8264 	EXP 	New trial (rep=43, index=0): <Trial 43 (0 in rep 43) data={'thisN': 43, 'thisTrialN': 0, 'thisRepN': 43}>
78.8275 	DATA 	Keypress: up
78.8338 	EXP 	Fixation: autoDraw = False
78.8338 	EXP 	grating: autoDraw = False
78.8338 	EXP 	grating: ori = np.float64(1.0)
78.8338 	EXP 	Fixation: autoDraw = True
78.8917 	EXP 	Device response: <KeyPress from None: t=78.82336840000062, value=up, duration=0.0637667999999394>
79.4761 	EXP 	Device response: <KeyPress from None: t=79.47573379999994, value=up, duration=None>
79.4767 	DATA 	Keypress: up
79.6027 	EXP 	Device response: <KeyPress from None: t=79.47573379999994, value=up, duration=0.12555040000006557>
79.8215 	INFO 	Keyboard events cleared
79.8214 	EXP 	grating: autoDraw = True
79.8290 	EXP 	Fixation: autoDraw = False
80.1122 	EXP 	grating: autoDraw = False
80.5909 	DATA 	Keypress: up
80.5974 	EXP 	Device response: <KeyPress from None: t=80.58972450000056, value=up, duration=None>
80.5977 	EXP 	New trial (rep=44, index=0): <Trial 44 (0 in rep 44) data={'thisN': 44, 'thisTrialN': 0, 'thisRepN': 44}>
80.6049 	EXP 	Fixation: autoDraw = False
80.6049 	EXP 	grating: autoDraw = False
80.6049 	EXP 	grating: ori = np.float64(2.0)
80.6049 	EXP 	Fixation: autoDraw = True
80.7542 	EXP 	Device response: <KeyPress from None: t=80.58972450000056, value=up, duration=0.16135119999944436>
81.5901 	INFO 	Keyboard events cleared
81.5899 	EXP 	grating: autoDraw = True
81.5974 	EXP 	Fixation: autoDraw = False
81.8824 	EXP 	grating: autoDraw = False
81.9812 	EXP 	Device response: <KeyPress from None: t=81.9751468000004, value=up, duration=None>
81.9815 	EXP 	New trial (rep=45, index=0): <Trial 45 (0 in rep 45) data={'thisN': 45, 'thisTrialN': 0, 'thisRepN': 45}>
81.9827 	DATA 	Keypress: up
81.9890 	EXP 	Fixation: autoDraw = False
81.9890 	EXP 	grating: autoDraw = False
81.9890 	EXP 	grating: ori = np.float64(1.0)
81.9890 	EXP 	Fixation: autoDraw = True
82.0955 	EXP 	Device response: <KeyPress from None: t=81.9751468000004, value=up, duration=0.11992480000026262>
82.9776 	INFO 	Keyboard events cleared
82.9774 	EXP 	grating: autoDraw = True
82.9848 	EXP 	Fixation: autoDraw = False
83.2717 	EXP 	grating: autoDraw = False
83.4899 	EXP 	Device response: <KeyPress from None: t=83.48866420000013, value=down, duration=None>
83.4902 	EXP 	New trial (rep=46, index=0): <Trial 46 (0 in rep 46) data={'thisN': 46, 'thisTrialN': 0, 'thisRepN': 46}>
83.4909 	DATA 	Keypress: down
83.4968 	EXP 	Fixation: autoDraw = False
83.4968 	EXP 	grating: autoDraw = False
83.4968 	EXP 	grating: ori = np.float64(-4.0)
83.4968 	EXP 	Fixation: autoDraw = True
83.5405 	EXP 	Device response: <KeyPress from None: t=83.48866420000013, value=down, duration=0.04500310000003083>
84.4842 	INFO 	Keyboard events cleared
84.4840 	EXP 	grating: autoDraw = True
84.4913 	EXP 	Fixation: autoDraw = False
84.7754 	EXP 	grating: autoDraw = False
87.9325 	EXP 	Device response: <KeyPress from None: t=87.92610969999987, value=down, duration=None>
87.9327 	EXP 	New trial (rep=47, index=0): <Trial 47 (0 in rep 47) data={'thisN': 47, 'thisTrialN': 0, 'thisRepN': 47}>
87.9336 	DATA 	Keypress: down
87.9401 	EXP 	Fixation: autoDraw = False
87.9401 	EXP 	grating: autoDraw = False
87.9401 	EXP 	grating: ori = np.float64(0.0)
87.9401 	EXP 	Fixation: autoDraw = True
88.0242 	EXP 	Device response: <KeyPress from None: t=87.92610969999987, value=down, duration=0.09217270000044664>
88.7344 	EXP 	Device response: <KeyPress from None: t=88.72988309999982, value=down, duration=None>
88.7354 	DATA 	Keypress: down
88.8549 	EXP 	Device response: <KeyPress from None: t=88.72988309999982, value=down, duration=0.11803710000003775>
88.9268 	INFO 	Keyboard events cleared
88.9266 	EXP 	grating: autoDraw = True
88.9340 	EXP 	Fixation: autoDraw = False
89.2193 	EXP 	grating: autoDraw = False
90.8833 	EXP 	Device response: <KeyPress from None: t=90.87782520000019, value=up, duration=None>
90.8836 	EXP 	New trial (rep=48, index=0): <Trial 48 (0 in rep 48) data={'thisN': 48, 'thisTrialN': 0, 'thisRepN': 48}>
90.8848 	DATA 	Keypress: up
90.8907 	EXP 	Fixation: autoDraw = False
90.8907 	EXP 	grating: autoDraw = False
90.8907 	EXP 	grating: ori = np.float64(0.0)
90.8907 	EXP 	Fixation: autoDraw = True
91.0111 	EXP 	Device response: <KeyPress from None: t=90.87782520000019, value=up, duration=0.1290630000003148>
91.8738 	INFO 	Keyboard events cleared
91.8737 	EXP 	grating: autoDraw = True
91.8805 	EXP 	Fixation: autoDraw = False
91.9525 	EXP 	Device response: <KeyPress from None: t=91.95154230000026, value=up, duration=None>
91.9527 	EXP 	New trial (rep=49, index=0): <Trial 49 (0 in rep 49) data={'thisN': 49, 'thisTrialN': 0, 'thisRepN': 49}>
91.9535 	DATA 	Keypress: up
91.9597 	EXP 	Fixation: autoDraw = False
91.9597 	EXP 	grating: autoDraw = False
91.9597 	EXP 	grating: ori = np.float64(0.0)
91.9597 	EXP 	Fixation: autoDraw = True
92.0589 	EXP 	Device response: <KeyPress from None: t=91.95154230000026, value=up, duration=0.10453440000037517>
92.9442 	INFO 	Keyboard events cleared
92.9440 	EXP 	grating: autoDraw = True
92.9516 	EXP 	Fixation: autoDraw = False
93.2346 	EXP 	grating: autoDraw = False
93.3136 	DATA 	Keypress: up
93.3200 	EXP 	Device response: <KeyPress from None: t=93.31325629999992, value=up, duration=None>
93.3202 	EXP 	New trial (rep=50, index=0): <Trial 50 (0 in rep 50) data={'thisN': 50, 'thisTrialN': 0, 'thisRepN': 50}>
93.3276 	EXP 	Fixation: autoDraw = False
93.3276 	EXP 	grating: autoDraw = False
93.3276 	EXP 	grating: ori = np.float64(0.0)
93.3276 	EXP 	Fixation: autoDraw = True
93.4542 	EXP 	Device response: <KeyPress from None: t=93.31325629999992, value=up, duration=0.13631590000022697>
94.3164 	INFO 	Keyboard events cleared
94.3163 	EXP 	grating: autoDraw = True
94.3234 	EXP 	Fixation: autoDraw = False
94.5704 	EXP 	Device response: <KeyPress from None: t=94.56922190000023, value=down, duration=None>
94.5706 	EXP 	New trial (rep=51, index=0): <Trial 51 (0 in rep 51) data={'thisN': 51, 'thisTrialN': 0, 'thisRepN': 51}>
94.5715 	DATA 	Keypress: down
94.5776 	EXP 	Fixation: autoDraw = False
94.5776 	EXP 	grating: autoDraw = False
94.5776 	EXP 	grating: ori = np.float64(2.0)
94.5776 	EXP 	Fixation: autoDraw = True
94.6839 	EXP 	Device response: <KeyPress from None: t=94.56922190000023, value=down, duration=0.10854209999979503>
95.5647 	INFO 	Keyboard events cleared
95.5646 	EXP 	grating: autoDraw = True
95.5721 	EXP 	Fixation: autoDraw = False
95.8575 	EXP 	grating: autoDraw = False
97.3198 	EXP 	Device response: <KeyPress from None: t=97.31773370000064, value=up, duration=None>
97.3200 	EXP 	New trial (rep=52, index=0): <Trial 52 (0 in rep 52) data={'thisN': 52, 'thisTrialN': 0, 'thisRepN': 52}>
97.3213 	DATA 	Keypress: up
97.3278 	EXP 	Fixation: autoDraw = False
97.3278 	EXP 	grating: autoDraw = False
97.3278 	EXP 	grating: ori = np.float64(-2.0)
97.3278 	EXP 	Fixation: autoDraw = True
97.4491 	EXP 	Device response: <KeyPress from None: t=97.31773370000064, value=up, duration=0.12788169999930687>
97.8427 	EXP 	Device response: <KeyPress from None: t=97.83910629999991, value=up, duration=None>
97.8435 	DATA 	Keypress: up
97.9860 	EXP 	Device response: <KeyPress from None: t=97.83910629999991, value=up, duration=0.14054750000013883>
98.3127 	INFO 	Keyboard events cleared
98.3125 	EXP 	grating: autoDraw = True
98.3198 	EXP 	Fixation: autoDraw = False
98.3336 	EXP 	Device response: <KeyPress from None: t=98.32801720000043, value=up, duration=None>
98.3339 	EXP 	New trial (rep=53, index=0): <Trial 53 (0 in rep 53) data={'thisN': 53, 'thisTrialN': 0, 'thisRepN': 53}>
98.3346 	DATA 	Keypress: up
98.3394 	EXP 	Fixation: autoDraw = False
98.3394 	EXP 	grating: autoDraw = False
98.3394 	EXP 	grating: ori = np.float64(0.0)
98.3394 	EXP 	Fixation: autoDraw = True
98.4717 	EXP 	Device response: <KeyPress from None: t=98.32801720000043, value=up, duration=0.1387539999996079>
99.3292 	INFO 	Keyboard events cleared
99.3290 	EXP 	grating: autoDraw = True
99.3362 	EXP 	Fixation: autoDraw = False
99.4582 	EXP 	Device response: <KeyPress from None: t=99.45773550000013, value=up, duration=None>
99.4584 	EXP 	New trial (rep=54, index=0): <Trial 54 (0 in rep 54) data={'thisN': 54, 'thisTrialN': 0, 'thisRepN': 54}>
99.4592 	DATA 	Keypress: up
99.4653 	EXP 	Fixation: autoDraw = False
99.4653 	EXP 	grating: autoDraw = False
99.4653 	EXP 	grating: ori = np.float64(0.0)
99.4653 	EXP 	Fixation: autoDraw = True
99.6099 	EXP 	Device response: <KeyPress from None: t=99.45773550000013, value=up, duration=0.14466090000041731>
100.4517 	INFO 	Keyboard events cleared
100.4516 	EXP 	grating: autoDraw = True
100.4588 	EXP 	Fixation: autoDraw = False
100.7422 	EXP 	grating: autoDraw = False
102.3407 	EXP 	Device response: <KeyPress from None: t=102.33930740000051, value=down, duration=None>
102.3410 	EXP 	New trial (rep=55, index=0): <Trial 55 (0 in rep 55) data={'thisN': 55, 'thisTrialN': 0, 'thisRepN': 55}>
102.3421 	DATA 	Keypress: down
102.3483 	EXP 	Fixation: autoDraw = False
102.3483 	EXP 	grating: autoDraw = False
102.3483 	EXP 	grating: ori = np.float64(0.0)
102.3483 	EXP 	Fixation: autoDraw = True
102.5385 	EXP 	Device response: <KeyPress from None: t=102.33930740000051, value=down, duration=0.19678639999983716>
103.3375 	INFO 	Keyboard events cleared
103.3373 	EXP 	grating: autoDraw = True
103.3448 	EXP 	Fixation: autoDraw = False
103.6329 	EXP 	grating: autoDraw = False
104.1233 	EXP 	Device response: <KeyPress from None: t=104.12084890000006, value=down, duration=None>
104.1236 	EXP 	New trial (rep=56, index=0): <Trial 56 (0 in rep 56) data={'thisN': 56, 'thisTrialN': 0, 'thisRepN': 56}>
104.1246 	DATA 	Keypress: down
104.1310 	EXP 	Fixation: autoDraw = False
104.1310 	EXP 	grating: autoDraw = False
104.1310 	EXP 	grating: ori = np.float64(-3.0)
104.1310 	EXP 	Fixation: autoDraw = True
104.2159 	EXP 	Device response: <KeyPress from None: t=104.21274600000015, value=up, duration=None>
104.2175 	DATA 	Keypress: up
104.2731 	EXP 	Device response: <KeyPress from None: t=104.12084890000006, value=down, duration=0.14964810000037687>
104.3188 	EXP 	Device response: <KeyPress from None: t=104.21274600000015, value=up, duration=0.10422749999997905>
105.1187 	INFO 	Keyboard events cleared
105.1186 	EXP 	grating: autoDraw = True
105.1261 	EXP 	Fixation: autoDraw = False
105.4134 	EXP 	grating: autoDraw = False
106.3927 	EXP 	Device response: <KeyPress from None: t=106.3899234999999, value=up, duration=None>
106.3930 	EXP 	New trial (rep=57, index=0): <Trial 57 (0 in rep 57) data={'thisN': 57, 'thisTrialN': 0, 'thisRepN': 57}>
106.3940 	DATA 	Keypress: up
106.4001 	EXP 	Fixation: autoDraw = False
106.4001 	EXP 	grating: autoDraw = False
106.4001 	EXP 	grating: ori = np.float64(0.0)
106.4001 	EXP 	Fixation: autoDraw = True
106.4819 	EXP 	Device response: <KeyPress from None: t=106.3899234999999, value=up, duration=0.08599350000076811>
107.3839 	INFO 	Keyboard events cleared
107.3837 	EXP 	grating: autoDraw = True
107.3908 	EXP 	Fixation: autoDraw = False
107.6798 	EXP 	grating: autoDraw = False
108.2250 	EXP 	Device response: <KeyPress from None: t=108.22005510000054, value=up, duration=None>
108.2252 	EXP 	New trial (rep=58, index=0): <Trial 58 (0 in rep 58) data={'thisN': 58, 'thisTrialN': 0, 'thisRepN': 58}>
108.2262 	DATA 	Keypress: up
108.2327 	EXP 	Fixation: autoDraw = False
108.2327 	EXP 	grating: autoDraw = False
108.2327 	EXP 	grating: ori = np.float64(0.0)
108.2327 	EXP 	Fixation: autoDraw = True
108.3177 	EXP 	Device response: <KeyPress from None: t=108.22005510000054, value=up, duration=0.09654979999959323>
109.2192 	INFO 	Keyboard events cleared
109.2190 	EXP 	grating: autoDraw = True
109.2264 	EXP 	Fixation: autoDraw = False
109.5109 	EXP 	grating: autoDraw = False
109.8814 	EXP 	Device response: <KeyPress from None: t=109.8778468999999, value=up, duration=None>
109.8818 	EXP 	New trial (rep=59, index=0): <Trial 59 (0 in rep 59) data={'thisN': 59, 'thisTrialN': 0, 'thisRepN': 59}>
109.8830 	DATA 	Keypress: up
109.8898 	EXP 	Fixation: autoDraw = False
109.8898 	EXP 	grating: autoDraw = False
109.8898 	EXP 	grating: ori = np.float64(-4.0)
109.8898 	EXP 	Fixation: autoDraw = True
110.0890 	EXP 	Device response: <KeyPress from None: t=109.8778468999999, value=up, duration=0.20353090000025986>
110.8731 	INFO 	Keyboard events cleared
110.8729 	EXP 	grating: autoDraw = True
110.8803 	EXP 	Fixation: autoDraw = False
111.1698 	EXP 	grating: autoDraw = False
111.6517 	EXP 	Device response: <KeyPress from None: t=111.64842680000038, value=down, duration=None>
111.6521 	EXP 	New trial (rep=60, index=0): <Trial 60 (0 in rep 60) data={'thisN': 60, 'thisTrialN': 0, 'thisRepN': 60}>
111.6531 	DATA 	Keypress: down
111.6592 	EXP 	Fixation: autoDraw = False
111.6592 	EXP 	grating: autoDraw = False
111.6592 	EXP 	grating: ori = np.float64(0.0)
111.6592 	EXP 	Fixation: autoDraw = True
111.8139 	EXP 	Device response: <KeyPress from None: t=111.64842680000038, value=down, duration=0.16472090000024764>
112.6461 	INFO 	Keyboard events cleared
112.6460 	EXP 	grating: autoDraw = True
112.6535 	EXP 	Fixation: autoDraw = False
112.9383 	EXP 	grating: autoDraw = False
114.2861 	EXP 	Device response: <KeyPress from None: t=114.28330929999993, value=down, duration=None>
114.2864 	EXP 	New trial (rep=61, index=0): <Trial 61 (0 in rep 61) data={'thisN': 61, 'thisTrialN': 0, 'thisRepN': 61}>
114.2872 	DATA 	Keypress: down
114.2938 	EXP 	Fixation: autoDraw = False
114.2938 	EXP 	grating: autoDraw = False
114.2938 	EXP 	grating: ori = np.float64(-5.0)
114.2938 	EXP 	Fixation: autoDraw = True
114.3794 	EXP 	Device response: <KeyPress from None: t=114.28330929999993, value=down, duration=0.08888960000058432>
115.0527 	EXP 	Device response: <KeyPress from None: t=115.05224910000015, value=down, duration=None>
115.0536 	DATA 	Keypress: down
115.2296 	EXP 	Device response: <KeyPress from None: t=115.05224910000015, value=down, duration=0.1722036000001026>
115.2792 	INFO 	Keyboard events cleared
115.2790 	EXP 	grating: autoDraw = True
115.2863 	EXP 	Fixation: autoDraw = False
115.5703 	EXP 	grating: autoDraw = False
116.0687 	EXP 	Device response: <KeyPress from None: t=116.06201180000062, value=down, duration=None>
116.0689 	EXP 	New trial (rep=62, index=0): <Trial 62 (0 in rep 62) data={'thisN': 62, 'thisTrialN': 0, 'thisRepN': 62}>
116.0701 	DATA 	Keypress: down
116.0762 	EXP 	Fixation: autoDraw = False
116.0762 	EXP 	grating: autoDraw = False
116.0762 	EXP 	grating: ori = np.float64(-4.0)
116.0762 	EXP 	Fixation: autoDraw = True
116.2033 	EXP 	Device response: <KeyPress from None: t=116.06201180000062, value=down, duration=0.1394706999999471>
117.0615 	INFO 	Keyboard events cleared
117.0614 	EXP 	grating: autoDraw = True
117.0689 	EXP 	Fixation: autoDraw = False
117.3530 	EXP 	grating: autoDraw = False
117.7382 	EXP 	Device response: <KeyPress from None: t=117.73384729999998, value=up, duration=None>
117.7384 	EXP 	New trial (rep=63, index=0): <Trial 63 (0 in rep 63) data={'thisN': 63, 'thisTrialN': 0, 'thisRepN': 63}>
117.7396 	DATA 	Keypress: up
117.7454 	EXP 	Fixation: autoDraw = False
117.7454 	EXP 	grating: autoDraw = False
117.7454 	EXP 	grating: ori = np.float64(0.0)
117.7454 	EXP 	Fixation: autoDraw = True
117.8551 	EXP 	Device response: <KeyPress from None: t=117.73384729999998, value=up, duration=0.11930780000056984>
118.7357 	INFO 	Keyboard events cleared
118.7356 	EXP 	grating: autoDraw = True
118.7425 	EXP 	Fixation: autoDraw = False
119.0265 	EXP 	grating: autoDraw = False
119.3085 	EXP 	Device response: <KeyPress from None: t=119.30238610000015, value=up, duration=None>
119.3089 	EXP 	New trial (rep=64, index=0): <Trial 64 (0 in rep 64) data={'thisN': 64, 'thisTrialN': 0, 'thisRepN': 64}>
119.3101 	DATA 	Keypress: up
119.3163 	EXP 	Fixation: autoDraw = False
119.3163 	EXP 	grating: autoDraw = False
119.3163 	EXP 	grating: ori = np.float64(-3.0)
119.3163 	EXP 	Fixation: autoDraw = True
119.4880 	EXP 	Device response: <KeyPress from None: t=119.30238610000015, value=up, duration=0.1841498000003412>
120.3007 	INFO 	Keyboard events cleared
120.3005 	EXP 	grating: autoDraw = True
120.3081 	EXP 	Fixation: autoDraw = False
120.5897 	EXP 	grating: autoDraw = False
121.2081 	EXP 	Device response: <KeyPress from None: t=121.20382410000002, value=up, duration=None>
121.2084 	EXP 	New trial (rep=65, index=0): <Trial 65 (0 in rep 65) data={'thisN': 65, 'thisTrialN': 0, 'thisRepN': 65}>
121.2095 	DATA 	Keypress: up
121.2161 	EXP 	Fixation: autoDraw = False
121.2161 	EXP 	grating: autoDraw = False
121.2161 	EXP 	grating: ori = np.float64(0.0)
121.2161 	EXP 	Fixation: autoDraw = True
121.3155 	EXP 	Device response: <KeyPress from None: t=121.20382410000002, value=up, duration=0.11103000000002794>
122.1997 	INFO 	Keyboard events cleared
122.1996 	EXP 	grating: autoDraw = True
122.2074 	EXP 	Fixation: autoDraw = False
122.4929 	EXP 	grating: autoDraw = False
122.6771 	DATA 	Keypress: up
122.6835 	EXP 	Device response: <KeyPress from None: t=122.67656360000001, value=up, duration=None>
122.6839 	EXP 	New trial (rep=66, index=0): <Trial 66 (0 in rep 66) data={'thisN': 66, 'thisTrialN': 0, 'thisRepN': 66}>
122.6908 	EXP 	Fixation: autoDraw = False
122.6908 	EXP 	grating: autoDraw = False
122.6908 	EXP 	grating: ori = np.float64(4.0)
122.6908 	EXP 	Fixation: autoDraw = True
122.8194 	EXP 	Device response: <KeyPress from None: t=122.67656360000001, value=up, duration=0.1392572000004293>
123.6791 	INFO 	Keyboard events cleared
123.6790 	EXP 	grating: autoDraw = True
123.6865 	EXP 	Fixation: autoDraw = False
123.9688 	EXP 	grating: autoDraw = False
124.2342 	EXP 	Device response: <KeyPress from None: t=124.23246460000064, value=up, duration=None>
124.2343 	EXP 	New trial (rep=67, index=0): <Trial 67 (0 in rep 67) data={'thisN': 67, 'thisTrialN': 0, 'thisRepN': 67}>
124.2349 	DATA 	Keypress: up
124.2417 	EXP 	Fixation: autoDraw = False
124.2417 	EXP 	grating: autoDraw = False
124.2417 	EXP 	grating: ori = np.float64(-4.0)
124.2417 	EXP 	Fixation: autoDraw = True
124.4756 	EXP 	Device response: <KeyPress from None: t=124.23246460000064, value=up, duration=0.23518459999922925>
125.2260 	INFO 	Keyboard events cleared
125.2259 	EXP 	grating: autoDraw = True
125.2339 	EXP 	Fixation: autoDraw = False
125.5180 	EXP 	grating: autoDraw = False
125.7649 	EXP 	Device response: <KeyPress from None: t=125.75871060000009, value=up, duration=None>
125.7651 	EXP 	New trial (rep=68, index=0): <Trial 68 (0 in rep 68) data={'thisN': 68, 'thisTrialN': 0, 'thisRepN': 68}>
125.7659 	DATA 	Keypress: up
125.7719 	EXP 	Fixation: autoDraw = False
125.7719 	EXP 	grating: autoDraw = False
125.7719 	EXP 	grating: ori = np.float64(4.0)
125.7719 	EXP 	Fixation: autoDraw = True
125.9568 	EXP 	Device response: <KeyPress from None: t=125.75871060000009, value=up, duration=0.19397310000022117>
126.7583 	INFO 	Keyboard events cleared
126.7581 	EXP 	grating: autoDraw = True
126.7658 	EXP 	Fixation: autoDraw = False
127.0480 	EXP 	grating: autoDraw = False
127.2614 	DATA 	Keypress: down
127.2680 	EXP 	Device response: <KeyPress from None: t=127.2601082000001, value=down, duration=None>
127.2683 	EXP 	New trial (rep=69, index=0): <Trial 69 (0 in rep 69) data={'thisN': 69, 'thisTrialN': 0, 'thisRepN': 69}>
127.2754 	EXP 	Fixation: autoDraw = False
127.2754 	EXP 	grating: autoDraw = False
127.2754 	EXP 	grating: ori = np.float64(0.0)
127.2754 	EXP 	Fixation: autoDraw = True
127.4722 	EXP 	Device response: <KeyPress from None: t=127.2601082000001, value=down, duration=0.2116332000005059>
128.2628 	INFO 	Keyboard events cleared
128.2627 	EXP 	grating: autoDraw = True
128.2702 	EXP 	Fixation: autoDraw = False
128.5554 	EXP 	grating: autoDraw = False
128.9062 	EXP 	Device response: <KeyPress from None: t=128.90329100000054, value=up, duration=None>
128.9065 	EXP 	New trial (rep=70, index=0): <Trial 70 (0 in rep 70) data={'thisN': 70, 'thisTrialN': 0, 'thisRepN': 70}>
128.9073 	DATA 	Keypress: up
128.9134 	EXP 	Fixation: autoDraw = False
128.9134 	EXP 	grating: autoDraw = False
128.9134 	EXP 	grating: ori = np.float64(-2.0)
128.9134 	EXP 	Fixation: autoDraw = True
129.1119 	EXP 	Device response: <KeyPress from None: t=128.90329100000054, value=up, duration=0.20461669999986043>
129.9024 	INFO 	Keyboard events cleared
129.9023 	EXP 	grating: autoDraw = True
129.9096 	EXP 	Fixation: autoDraw = False
130.1977 	EXP 	grating: autoDraw = False
130.5427 	EXP 	Device response: <KeyPress from None: t=130.54138550000062, value=down, duration=None>
130.5430 	EXP 	New trial (rep=71, index=0): <Trial 71 (0 in rep 71) data={'thisN': 71, 'thisTrialN': 0, 'thisRepN': 71}>
130.5441 	DATA 	Keypress: down
130.5515 	EXP 	Fixation: autoDraw = False
130.5515 	EXP 	grating: autoDraw = False
130.5515 	EXP 	grating: ori = np.float64(0.0)
130.5515 	EXP 	Fixation: autoDraw = True
130.7051 	EXP 	Device response: <KeyPress from None: t=130.54138550000062, value=down, duration=0.1615944999994099>
131.5355 	INFO 	Keyboard events cleared
131.5353 	EXP 	grating: autoDraw = True
131.5437 	EXP 	Fixation: autoDraw = False
131.8270 	EXP 	grating: autoDraw = False
132.4073 	EXP 	Device response: <KeyPress from None: t=132.40572950000023, value=up, duration=None>
132.4076 	EXP 	New trial (rep=72, index=0): <Trial 72 (0 in rep 72) data={'thisN': 72, 'thisTrialN': 0, 'thisRepN': 72}>
132.4086 	DATA 	Keypress: up
132.4145 	EXP 	Fixation: autoDraw = False
132.4145 	EXP 	grating: autoDraw = False
132.4145 	EXP 	grating: ori = np.float64(0.0)
132.4145 	EXP 	Fixation: autoDraw = True
132.5285 	EXP 	Device response: <KeyPress from None: t=132.40572950000023, value=up, duration=0.11906660000022384>
133.4010 	INFO 	Keyboard events cleared
133.4008 	EXP 	grating: autoDraw = True
133.4080 	EXP 	Fixation: autoDraw = False
133.6920 	EXP 	grating: autoDraw = False
133.7689 	EXP 	Device response: <KeyPress from None: t=133.76449500000035, value=up, duration=None>
133.7692 	EXP 	New trial (rep=73, index=0): <Trial 73 (0 in rep 73) data={'thisN': 73, 'thisTrialN': 0, 'thisRepN': 73}>
133.7703 	DATA 	Keypress: up
133.7765 	EXP 	Fixation: autoDraw = False
133.7765 	EXP 	grating: autoDraw = False
133.7765 	EXP 	grating: ori = np.float64(-4.0)
133.7765 	EXP 	Fixation: autoDraw = True
133.8345 	EXP 	Device response: <KeyPress from None: t=133.76449500000035, value=up, duration=0.06293819999973493>
134.7629 	INFO 	Keyboard events cleared
134.7627 	EXP 	grating: autoDraw = True
134.7701 	EXP 	Fixation: autoDraw = False
135.0568 	EXP 	grating: autoDraw = False
135.3518 	EXP 	Device response: <KeyPress from None: t=135.34906430000046, value=down, duration=None>
135.3521 	EXP 	New trial (rep=74, index=0): <Trial 74 (0 in rep 74) data={'thisN': 74, 'thisTrialN': 0, 'thisRepN': 74}>
135.3530 	DATA 	Keypress: down
135.3592 	EXP 	Fixation: autoDraw = False
135.3592 	EXP 	grating: autoDraw = False
135.3592 	EXP 	grating: ori = np.float64(0.0)
135.3592 	EXP 	Fixation: autoDraw = True
135.5228 	EXP 	Device response: <KeyPress from None: t=135.34906430000046, value=down, duration=0.16942589999962365>
136.3424 	INFO 	Keyboard events cleared
136.3423 	EXP 	grating: autoDraw = True
136.3499 	EXP 	Fixation: autoDraw = False
136.6352 	EXP 	grating: autoDraw = False
137.0622 	EXP 	Device response: <KeyPress from None: t=137.0569789000001, value=down, duration=None>
137.0625 	EXP 	New trial (rep=75, index=0): <Trial 75 (0 in rep 75) data={'thisN': 75, 'thisTrialN': 0, 'thisRepN': 75}>
137.0637 	DATA 	Keypress: down
137.0699 	EXP 	Fixation: autoDraw = False
137.0699 	EXP 	grating: autoDraw = False
137.0699 	EXP 	grating: ori = np.float64(0.0)
137.0699 	EXP 	Fixation: autoDraw = True
137.1130 	EXP 	Device response: <KeyPress from None: t=137.0569789000001, value=down, duration=0.04814009999972768>
138.0523 	INFO 	Keyboard events cleared
138.0521 	EXP 	grating: autoDraw = True
138.0665 	EXP 	Fixation: autoDraw = False
138.2231 	EXP 	Device response: <KeyPress from None: t=138.21832950000044, value=up, duration=None>
138.2235 	EXP 	New trial (rep=76, index=0): <Trial 76 (0 in rep 76) data={'thisN': 76, 'thisTrialN': 0, 'thisRepN': 76}>
138.2242 	DATA 	Keypress: up
138.2302 	EXP 	Fixation: autoDraw = False
138.2302 	EXP 	grating: autoDraw = False
138.2302 	EXP 	grating: ori = np.float64(2.0)
138.2302 	EXP 	Fixation: autoDraw = True
138.4434 	EXP 	Device response: <KeyPress from None: t=138.21832950000044, value=up, duration=0.2245508999994854>
139.2182 	INFO 	Keyboard events cleared
139.2180 	EXP 	grating: autoDraw = True
139.2252 	EXP 	Fixation: autoDraw = False
139.5106 	EXP 	grating: autoDraw = False
139.6222 	EXP 	Device response: <KeyPress from None: t=139.6203403999998, value=up, duration=None>
139.6226 	EXP 	New trial (rep=77, index=0): <Trial 77 (0 in rep 77) data={'thisN': 77, 'thisTrialN': 0, 'thisRepN': 77}>
139.6235 	DATA 	Keypress: up
139.6296 	EXP 	Fixation: autoDraw = False
139.6296 	EXP 	grating: autoDraw = False
139.6296 	EXP 	grating: ori = np.float64(0.0)
139.6296 	EXP 	Fixation: autoDraw = True
139.8760 	EXP 	Device response: <KeyPress from None: t=139.6203403999998, value=up, duration=0.2546297000008053>
140.6185 	INFO 	Keyboard events cleared
140.6184 	EXP 	grating: autoDraw = True
140.6260 	EXP 	Fixation: autoDraw = False
140.7700 	EXP 	Device response: <KeyPress from None: t=140.76945539999997, value=down, duration=None>
140.7704 	EXP 	New trial (rep=78, index=0): <Trial 78 (0 in rep 78) data={'thisN': 78, 'thisTrialN': 0, 'thisRepN': 78}>
140.7711 	DATA 	Keypress: down
140.7770 	EXP 	Fixation: autoDraw = False
140.7770 	EXP 	grating: autoDraw = False
140.7770 	EXP 	grating: ori = np.float64(-4.0)
140.7770 	EXP 	Fixation: autoDraw = True
140.9264 	EXP 	Device response: <KeyPress from None: t=140.76945539999997, value=down, duration=0.1540487000002031>
141.7674 	INFO 	Keyboard events cleared
141.7672 	EXP 	Fixation: autoDraw = False
141.7672 	EXP 	grating: autoDraw = True
142.0595 	EXP 	grating: autoDraw = False
142.1581 	EXP 	Device response: <KeyPress from None: t=142.15411190000032, value=up, duration=None>
142.1583 	EXP 	New trial (rep=79, index=0): <Trial 79 (0 in rep 79) data={'thisN': 79, 'thisTrialN': 0, 'thisRepN': 79}>
142.1591 	DATA 	Keypress: up
142.1652 	EXP 	Fixation: autoDraw = False
142.1652 	EXP 	grating: autoDraw = False
142.1652 	EXP 	grating: ori = np.float64(0.0)
142.1652 	EXP 	Fixation: autoDraw = True
142.3444 	EXP 	Device response: <KeyPress from None: t=142.15411190000032, value=up, duration=0.1823261999998067>
143.1512 	INFO 	Keyboard events cleared
143.1510 	EXP 	grating: autoDraw = True
143.1580 	EXP 	Fixation: autoDraw = False
143.4439 	EXP 	grating: autoDraw = False
143.5005 	EXP 	Device response: <KeyPress from None: t=143.49598400000013, value=down, duration=None>
143.5008 	EXP 	New trial (rep=80, index=0): <Trial 80 (0 in rep 80) data={'thisN': 80, 'thisTrialN': 0, 'thisRepN': 80}>
143.5016 	DATA 	Keypress: down
143.5076 	EXP 	Fixation: autoDraw = False
143.5076 	EXP 	grating: autoDraw = False
143.5076 	EXP 	grating: ori = np.float64(-5.0)
143.5076 	EXP 	Fixation: autoDraw = True
143.6490 	EXP 	Device response: <KeyPress from None: t=143.49598400000013, value=down, duration=0.1475004000003537>
144.4923 	INFO 	Keyboard events cleared
144.4922 	EXP 	grating: autoDraw = True
144.4997 	EXP 	Fixation: autoDraw = False
144.7857 	EXP 	grating: autoDraw = False
144.8071 	EXP 	Device response: <KeyPress from None: t=144.80244810000022, value=up, duration=None>
144.8073 	EXP 	New trial (rep=81, index=0): <Trial 81 (0 in rep 81) data={'thisN': 81, 'thisTrialN': 0, 'thisRepN': 81}>
144.8085 	DATA 	Keypress: up
144.8145 	EXP 	Fixation: autoDraw = False
144.8145 	EXP 	grating: autoDraw = False
144.8145 	EXP 	grating: ori = np.float64(-2.0)
144.8145 	EXP 	Fixation: autoDraw = True
145.0280 	EXP 	Device response: <KeyPress from None: t=144.80244810000022, value=up, duration=0.2188746000001629>
145.8010 	INFO 	Keyboard events cleared
145.8009 	EXP 	grating: autoDraw = True
145.8079 	EXP 	Fixation: autoDraw = False
146.0961 	EXP 	grating: autoDraw = False
146.3205 	EXP 	Device response: <KeyPress from None: t=146.31590340000002, value=up, duration=None>
146.3210 	EXP 	New trial (rep=82, index=0): <Trial 82 (0 in rep 82) data={'thisN': 82, 'thisTrialN': 0, 'thisRepN': 82}>
146.3223 	DATA 	Keypress: up
146.3282 	EXP 	Fixation: autoDraw = False
146.3282 	EXP 	grating: autoDraw = False
146.3282 	EXP 	grating: ori = np.float64(2.0)
146.3282 	EXP 	Fixation: autoDraw = True
146.5612 	EXP 	Device response: <KeyPress from None: t=146.31590340000002, value=up, duration=0.24400500000047032>
147.3150 	INFO 	Keyboard events cleared
147.3148 	EXP 	grating: autoDraw = True
147.3223 	EXP 	Fixation: autoDraw = False
147.6060 	EXP 	grating: autoDraw = False
147.6420 	EXP 	Device response: <KeyPress from None: t=147.64129180000054, value=up, duration=None>
147.6423 	EXP 	New trial (rep=83, index=0): <Trial 83 (0 in rep 83) data={'thisN': 83, 'thisTrialN': 0, 'thisRepN': 83}>
147.6431 	DATA 	Keypress: up
147.6489 	EXP 	Fixation: autoDraw = False
147.6489 	EXP 	grating: autoDraw = False
147.6489 	EXP 	grating: ori = np.float64(0.0)
147.6489 	EXP 	Fixation: autoDraw = True
147.8892 	EXP 	Device response: <KeyPress from None: t=147.64129180000054, value=up, duration=0.24420869999994466>
148.6325 	INFO 	Keyboard events cleared
148.6324 	EXP 	grating: autoDraw = True
148.6398 	EXP 	Fixation: autoDraw = False
148.9236 	EXP 	grating: autoDraw = False
148.9799 	EXP 	Device response: <KeyPress from None: t=148.97801010000057, value=down, duration=None>
148.9802 	EXP 	New trial (rep=84, index=0): <Trial 84 (0 in rep 84) data={'thisN': 84, 'thisTrialN': 0, 'thisRepN': 84}>
148.9812 	DATA 	Keypress: down
148.9873 	EXP 	Fixation: autoDraw = False
148.9873 	EXP 	grating: autoDraw = False
148.9873 	EXP 	grating: ori = np.float64(3.0)
148.9873 	EXP 	Fixation: autoDraw = True
149.1011 	EXP 	Device response: <KeyPress from None: t=148.97801010000057, value=down, duration=0.11972439999954076>
149.8909 	EXP 	Device response: <KeyPress from None: t=149.89012600000024, value=up, duration=None>
149.8915 	DATA 	Keypress: up
149.9765 	INFO 	Keyboard events cleared
149.9764 	EXP 	grating: autoDraw = True
149.9845 	EXP 	Fixation: autoDraw = False
150.1140 	EXP 	Device response: <KeyPress from None: t=149.89012600000024, value=up, duration=0.21530100000018138>
150.2692 	EXP 	grating: autoDraw = False
151.1396 	EXP 	Device response: <KeyPress from None: t=151.13673800000015, value=up, duration=None>
151.1399 	EXP 	New trial (rep=85, index=0): <Trial 85 (0 in rep 85) data={'thisN': 85, 'thisTrialN': 0, 'thisRepN': 85}>
151.1406 	DATA 	Keypress: up
151.1464 	EXP 	Fixation: autoDraw = False
151.1464 	EXP 	grating: autoDraw = False
151.1464 	EXP 	grating: ori = np.float64(0.0)
151.1464 	EXP 	Fixation: autoDraw = True
151.3440 	EXP 	Device response: <KeyPress from None: t=151.13673800000015, value=up, duration=0.20362540000041918>
152.1030 	EXP 	Device response: <KeyPress from None: t=152.09984799999984, value=up, duration=None>
152.1042 	DATA 	Keypress: up
152.1317 	INFO 	Keyboard events cleared
152.1316 	EXP 	grating: autoDraw = True
152.1390 	EXP 	Fixation: autoDraw = False
152.3102 	EXP 	Device response: <KeyPress from None: t=152.09984799999984, value=up, duration=0.20685820000016975>
152.4222 	EXP 	grating: autoDraw = False
153.5133 	EXP 	Device response: <KeyPress from None: t=153.5123868999999, value=up, duration=None>
153.5135 	EXP 	New trial (rep=86, index=0): <Trial 86 (0 in rep 86) data={'thisN': 86, 'thisTrialN': 0, 'thisRepN': 86}>
153.5141 	DATA 	Keypress: up
153.5193 	EXP 	Fixation: autoDraw = False
153.5193 	EXP 	grating: autoDraw = False
153.5193 	EXP 	grating: ori = np.float64(-2.0)
153.5193 	EXP 	Fixation: autoDraw = True
153.7302 	EXP 	Device response: <KeyPress from None: t=153.5123868999999, value=up, duration=0.2169969000005949>
154.2538 	EXP 	Device response: <KeyPress from None: t=154.2506557000006, value=up, duration=None>
154.2545 	DATA 	Keypress: up
154.5287 	EXP 	Device response: <KeyPress from None: t=154.2506557000006, value=up, duration=0.21831810000003316>
154.5517 	INFO 	Keyboard events cleared
154.5516 	EXP 	Fixation: autoDraw = False
154.5516 	EXP 	grating: autoDraw = True
154.8459 	EXP 	grating: autoDraw = False
159.8256 	DATA 	Keypress: down
159.8321 	EXP 	Device response: <KeyPress from None: t=159.82434130000001, value=down, duration=None>
159.8324 	EXP 	New trial (rep=87, index=0): <Trial 87 (0 in rep 87) data={'thisN': 87, 'thisTrialN': 0, 'thisRepN': 87}>
159.8393 	EXP 	Fixation: autoDraw = False
159.8393 	EXP 	grating: autoDraw = False
159.8393 	EXP 	grating: ori = np.float64(0.0)
159.8393 	EXP 	Fixation: autoDraw = True
159.9050 	EXP 	Device response: <KeyPress from None: t=159.82434130000001, value=down, duration=0.07365180000033433>
160.8178 	EXP 	Device response: <KeyPress from None: t=160.81331529999989, value=down, duration=None>
160.8193 	DATA 	Keypress: down
160.8253 	INFO 	Keyboard events cleared
160.8252 	EXP 	grating: autoDraw = True
160.8335 	EXP 	Fixation: autoDraw = False
160.8777 	EXP 	Device response: <KeyPress from None: t=160.81331529999989, value=down, duration=0.06381400000009307>
161.1196 	EXP 	grating: autoDraw = False
163.2033 	DATA 	Keypress: down
163.2099 	EXP 	Device response: <KeyPress from None: t=163.20177680000052, value=down, duration=None>
163.2102 	EXP 	New trial (rep=88, index=0): <Trial 88 (0 in rep 88) data={'thisN': 88, 'thisTrialN': 0, 'thisRepN': 88}>
163.2180 	EXP 	Fixation: autoDraw = False
163.2180 	EXP 	grating: autoDraw = False
163.2180 	EXP 	grating: ori = np.float64(0.0)
163.2180 	EXP 	Fixation: autoDraw = True
163.3118 	EXP 	Device response: <KeyPress from None: t=163.20177680000052, value=down, duration=0.10555919999933394>
164.2044 	INFO 	Keyboard events cleared
164.2043 	EXP 	grating: autoDraw = True
164.2113 	EXP 	Fixation: autoDraw = False
164.4966 	EXP 	grating: autoDraw = False
165.9601 	EXP 	Device response: <KeyPress from None: t=165.95817979999993, value=up, duration=None>
165.9604 	EXP 	New trial (rep=89, index=0): <Trial 89 (0 in rep 89) data={'thisN': 89, 'thisTrialN': 0, 'thisRepN': 89}>
165.9611 	DATA 	Keypress: up
165.9681 	EXP 	Fixation: autoDraw = False
165.9681 	EXP 	grating: autoDraw = False
165.9681 	EXP 	grating: ori = np.float64(0.0)
165.9681 	EXP 	Fixation: autoDraw = True
166.1709 	EXP 	Device response: <KeyPress from None: t=165.95817979999993, value=up, duration=0.2099754999999277>
166.9523 	INFO 	Keyboard events cleared
166.9521 	EXP 	grating: autoDraw = True
166.9600 	EXP 	Fixation: autoDraw = False
166.9821 	EXP 	Device response: <KeyPress from None: t=166.98156689999996, value=up, duration=None>
166.9825 	EXP 	New trial (rep=90, index=0): <Trial 90 (0 in rep 90) data={'thisN': 90, 'thisTrialN': 0, 'thisRepN': 90}>
166.9834 	DATA 	Keypress: up
166.9894 	EXP 	Fixation: autoDraw = False
166.9894 	EXP 	grating: autoDraw = False
166.9894 	EXP 	grating: ori = np.float64(4.0)
166.9894 	EXP 	Fixation: autoDraw = True
167.1547 	EXP 	Device response: <KeyPress from None: t=166.98156689999996, value=up, duration=0.17234330000064801>
167.5775 	EXP 	Device response: <KeyPress from None: t=167.57084329999998, value=up, duration=None>
167.5782 	DATA 	Keypress: up
167.7534 	EXP 	Device response: <KeyPress from None: t=167.57084329999998, value=up, duration=0.17890410000018164>
167.9733 	INFO 	Keyboard events cleared
167.9732 	EXP 	grating: autoDraw = True
167.9805 	EXP 	Fixation: autoDraw = False
168.2677 	EXP 	grating: autoDraw = False
169.2366 	EXP 	Device response: <KeyPress from None: t=169.2359365000002, value=up, duration=None>
169.2369 	EXP 	New trial (rep=91, index=0): <Trial 91 (0 in rep 91) data={'thisN': 91, 'thisTrialN': 0, 'thisRepN': 91}>
169.2377 	DATA 	Keypress: up
169.2440 	EXP 	Fixation: autoDraw = False
169.2440 	EXP 	grating: autoDraw = False
169.2440 	EXP 	grating: ori = np.float64(0.0)
169.2440 	EXP 	Fixation: autoDraw = True
169.3586 	EXP 	Device response: <KeyPress from None: t=169.2359365000002, value=up, duration=0.11936200000036479>
170.2277 	INFO 	Keyboard events cleared
170.2275 	EXP 	grating: autoDraw = True
170.2351 	EXP 	Fixation: autoDraw = False
170.2507 	EXP 	Device response: <KeyPress from None: t=170.25036890000047, value=up, duration=None>
170.2509 	EXP 	New trial (rep=92, index=0): <Trial 92 (0 in rep 92) data={'thisN': 92, 'thisTrialN': 0, 'thisRepN': 92}>
170.2517 	DATA 	Keypress: up
170.2580 	EXP 	Fixation: autoDraw = False
170.2580 	EXP 	grating: autoDraw = False
170.2580 	EXP 	grating: ori = np.float64(0.0)
170.2580 	EXP 	Fixation: autoDraw = True
170.4208 	EXP 	Device response: <KeyPress from None: t=170.25036890000047, value=up, duration=0.16940519999934622>
171.2480 	INFO 	Keyboard events cleared
171.2479 	EXP 	grating: autoDraw = True
171.2553 	EXP 	Fixation: autoDraw = False
171.5389 	EXP 	grating: autoDraw = False
171.8118 	EXP 	Device response: <KeyPress from None: t=171.80768530000023, value=down, duration=None>
171.8121 	EXP 	New trial (rep=93, index=0): <Trial 93 (0 in rep 93) data={'thisN': 93, 'thisTrialN': 0, 'thisRepN': 93}>
171.8133 	DATA 	Keypress: down
171.8194 	EXP 	Fixation: autoDraw = False
171.8194 	EXP 	grating: autoDraw = False
171.8194 	EXP 	grating: ori = np.float64(0.0)
171.8194 	EXP 	Fixation: autoDraw = True
171.8551 	EXP 	Device response: <KeyPress from None: t=171.80768530000023, value=down, duration=0.043300100000124075>
172.8040 	INFO 	Keyboard events cleared
172.8039 	EXP 	grating: autoDraw = True
172.8108 	EXP 	Fixation: autoDraw = False
173.0963 	EXP 	grating: autoDraw = False
173.2368 	EXP 	Device response: <KeyPress from None: t=173.2336409999998, value=up, duration=None>
173.2371 	EXP 	New trial (rep=94, index=0): <Trial 94 (0 in rep 94) data={'thisN': 94, 'thisTrialN': 0, 'thisRepN': 94}>
173.2380 	DATA 	Keypress: up
173.2440 	EXP 	Fixation: autoDraw = False
173.2440 	EXP 	grating: autoDraw = False
173.2440 	EXP 	grating: ori = np.float64(0.0)
173.2440 	EXP 	Fixation: autoDraw = True
173.4568 	EXP 	Device response: <KeyPress from None: t=173.2336409999998, value=up, duration=0.2218300000004092>
174.2301 	INFO 	Keyboard events cleared
174.2300 	EXP 	grating: autoDraw = True
174.2375 	EXP 	Fixation: autoDraw = False
174.5207 	EXP 	grating: autoDraw = False
174.6326 	EXP 	Device response: <KeyPress from None: t=174.63077780000003, value=up, duration=None>
174.6329 	EXP 	New trial (rep=95, index=0): <Trial 95 (0 in rep 95) data={'thisN': 95, 'thisTrialN': 0, 'thisRepN': 95}>
174.6340 	DATA 	Keypress: up
174.6408 	EXP 	Fixation: autoDraw = False
174.6408 	EXP 	grating: autoDraw = False
174.6408 	EXP 	grating: ori = np.float64(0.0)
174.6408 	EXP 	Fixation: autoDraw = True
174.8091 	EXP 	Device response: <KeyPress from None: t=174.63077780000003, value=up, duration=0.17649750000055064>
175.6243 	INFO 	Keyboard events cleared
175.6241 	EXP 	grating: autoDraw = True
175.6311 	EXP 	Fixation: autoDraw = False
175.9194 	EXP 	grating: autoDraw = False
175.9914 	DATA 	Keypress: up
175.9977 	EXP 	Device response: <KeyPress from None: t=175.9908032000003, value=up, duration=None>
175.9981 	EXP 	New trial (rep=96, index=0): <Trial 96 (0 in rep 96) data={'thisN': 96, 'thisTrialN': 0, 'thisRepN': 96}>
176.0047 	EXP 	Fixation: autoDraw = False
176.0047 	EXP 	grating: autoDraw = False
176.0047 	EXP 	grating: ori = np.float64(0.0)
176.0047 	EXP 	Fixation: autoDraw = True
176.1755 	EXP 	Device response: <KeyPress from None: t=175.9908032000003, value=up, duration=0.1784072999998898>
176.9919 	INFO 	Keyboard events cleared
176.9918 	EXP 	grating: autoDraw = True
176.9991 	EXP 	Fixation: autoDraw = False
177.2702 	EXP 	Device response: <KeyPress from None: t=177.2668438999999, value=up, duration=None>
177.2705 	EXP 	New trial (rep=97, index=0): <Trial 97 (0 in rep 97) data={'thisN': 97, 'thisTrialN': 0, 'thisRepN': 97}>
177.2713 	DATA 	Keypress: up
177.2773 	EXP 	Fixation: autoDraw = False
177.2773 	EXP 	grating: autoDraw = False
177.2773 	EXP 	grating: ori = np.float64(4.0)
177.2773 	EXP 	Fixation: autoDraw = True
177.4847 	EXP 	Device response: <KeyPress from None: t=177.2668438999999, value=up, duration=0.21319900000071357>
178.2652 	INFO 	Keyboard events cleared
178.2650 	EXP 	grating: autoDraw = True
178.2722 	EXP 	Fixation: autoDraw = False
178.5580 	EXP 	grating: autoDraw = False
178.7755 	EXP 	Device response: <KeyPress from None: t=178.7705807000002, value=up, duration=None>
178.7758 	EXP 	New trial (rep=98, index=0): <Trial 98 (0 in rep 98) data={'thisN': 98, 'thisTrialN': 0, 'thisRepN': 98}>
178.7772 	DATA 	Keypress: up
178.7833 	EXP 	Fixation: autoDraw = False
178.7833 	EXP 	grating: autoDraw = False
178.7833 	EXP 	grating: ori = np.float64(0.0)
178.7833 	EXP 	Fixation: autoDraw = True
179.0039 	EXP 	Device response: <KeyPress from None: t=178.7705807000002, value=up, duration=0.2253672999995615>
179.7679 	INFO 	Keyboard events cleared
179.7677 	EXP 	grating: autoDraw = True
179.7747 	EXP 	Fixation: autoDraw = False
180.0598 	EXP 	grating: autoDraw = False
180.1318 	EXP 	Device response: <KeyPress from None: t=180.12758570000005, value=up, duration=None>
180.1321 	EXP 	New trial (rep=99, index=0): <Trial 99 (0 in rep 99) data={'thisN': 99, 'thisTrialN': 0, 'thisRepN': 99}>
180.1334 	DATA 	Keypress: up
180.1405 	EXP 	Fixation: autoDraw = False
180.1405 	EXP 	grating: autoDraw = False
180.1405 	EXP 	grating: ori = np.float64(0.0)
180.1405 	EXP 	Fixation: autoDraw = True
180.3183 	EXP 	Device response: <KeyPress from None: t=180.12758570000005, value=up, duration=0.18964640000012878>
181.1275 	INFO 	Keyboard events cleared
181.1273 	EXP 	grating: autoDraw = True
181.1345 	EXP 	Fixation: autoDraw = False
181.4202 	EXP 	grating: autoDraw = False
181.5827 	EXP 	Device response: <KeyPress from None: t=181.57647650000035, value=up, duration=None>
181.5836 	DATA 	Keypress: up
181.5905 	EXP 	Fixation: autoDraw = False
181.5905 	EXP 	grating: autoDraw = False
181.5907 	EXP 	signal_detection: status = STOPPED
181.6110 	INFO 	saved data to 'C:\\Users\\Kashish\\OneDrive\\Desktop\\PsychoPY\\data\\Participant-1_signal_detection_2025-09-05_16h11.22.378.csv'
181.6145 	INFO 	saved data to C:\Users\Kashish\OneDrive\Desktop\PsychoPY\data\Participant-1_signal_detection_2025-09-05_16h11.22.378.psydat
182.6494 	WARNING 	Stopping key buffers but this could be dangerous ifother keyboards rely on the same.
